// Jest Snapshot v1, https://goo.gl/fbAQLP

exports[`WithLocale renders WithLocale without crashing 1`] = `<Component />`;
