// Jest Snapshot v1, https://goo.gl/fbAQLP

exports[` WithLoading renders WithLoading when isLoading false - without crashing 1`] = `<Component />`;

exports[` WithLoading renders WithLoading when isLoading true - without crashing 1`] = `
<div
  className="loader"
/>
`;
