// Jest Snapshot v1, https://goo.gl/fbAQLP

exports[`App renders App without crashing 1`] = `
<React.Fragment>
  <connectContext />
  <MainRoutes />
</React.Fragment>
`;
