// Jest Snapshot v1, https://goo.gl/fbAQLP

exports[`Header renders Header without crashing 1`] = `<Header />`;
