// Jest Snapshot v1, https://goo.gl/fbAQLP

exports[`EmptyList renders without crashing 1`] = `
<React.Fragment>
  <p>
    No details to show.
  </p>
</React.Fragment>
`;
